Traceback (most recent call last):
  File "<ORIGINAL_WORKSPACE>/work/cse498-yolo-env/lib/python3.12/site-packages/ultralytics/nn/text_model.py", line 16, in <module>
    import clip
  File "<ORIGINAL_WORKSPACE>/work/cse498-yolo-env/lib/python3.12/site-packages/clip/__init__.py", line 3, in <module>
    from .clip import *
  File "<ORIGINAL_WORKSPACE>/work/cse498-yolo-env/lib/python3.12/site-packages/clip/clip.py", line 13, in <module>
    from tqdm import tqdm
ModuleNotFoundError: No module named 'tqdm'

During handling of the above exception, another exception occurred:

Traceback (most recent call last):
  File "<stdin>", line 9, in <module>
  File "<frozen runpy>", line 287, in run_path
  File "<frozen runpy>", line 98, in _run_module_code
  File "<frozen runpy>", line 88, in _run_code
  File "<ORIGINAL_WORKSPACE>/outputs/CSE498/webcam-object-recognition/test_open_set.py", line 51, in <module>
    main()
  File "<ORIGINAL_WORKSPACE>/outputs/CSE498/webcam-object-recognition/test_open_set.py", line 24, in main
    model.set_classes(names, model.get_text_pe(names))
                             ^^^^^^^^^^^^^^^^^^^^^^^^
  File "<ORIGINAL_WORKSPACE>/work/cse498-yolo-env/lib/python3.12/site-packages/ultralytics/models/yolo/model.py", line 285, in get_text_pe
    return self.model.get_text_pe(texts)
           ^^^^^^^^^^^^^^^^^^^^^^^^^^^^^
  File "<ORIGINAL_WORKSPACE>/work/cse498-yolo-env/lib/python3.12/site-packages/torch/utils/_contextlib.py", line 124, in decorate_context
    return func(*args, **kwargs)
           ^^^^^^^^^^^^^^^^^^^^^
  File "<ORIGINAL_WORKSPACE>/work/cse498-yolo-env/lib/python3.12/site-packages/ultralytics/nn/tasks.py", line 1259, in get_text_pe
    from ultralytics.nn.text_model import build_text_model
  File "<ORIGINAL_WORKSPACE>/work/cse498-yolo-env/lib/python3.12/site-packages/ultralytics/nn/text_model.py", line 19, in <module>
    import clip
  File "<ORIGINAL_WORKSPACE>/work/cse498-yolo-env/lib/python3.12/site-packages/clip/__init__.py", line 3, in <module>
    from .clip import *
  File "<ORIGINAL_WORKSPACE>/work/cse498-yolo-env/lib/python3.12/site-packages/clip/clip.py", line 13, in <module>
    from tqdm import tqdm
ModuleNotFoundError: No module named 'tqdm'
{
  "started_at_utc": "2026-09-06T10:31:28.191218+00:00",
  "script_sha256": "d8163cb8db5de316628c5dc2819f88f5b207219da7968e97d625950be0a9b216",
  "script": "<ORIGINAL_WORKSPACE>/outputs/CSE498/webcam-object-recognition/test_open_set.py",
  "device": "cpu",
  "photos_uploaded": false,
  "status": "failed",
  "finished_at_utc": "2026-09-06T10:31:29.328454+00:00",
  "elapsed_seconds": 1.1372056809996138,
  "torch_num_threads": 8,
  "torch_num_interop_threads": 1,
  "torch_version": "2.14.0+cpu"
}
Traceback (most recent call last):
  File "<ORIGINAL_WORKSPACE>/work/cse498-yolo-env/lib/python3.12/site-packages/ultralytics/nn/text_model.py", line 16, in <module>
    import clip
  File "<ORIGINAL_WORKSPACE>/work/cse498-yolo-env/lib/python3.12/site-packages/clip/__init__.py", line 3, in <module>
    from .clip import *
  File "<ORIGINAL_WORKSPACE>/work/cse498-yolo-env/lib/python3.12/site-packages/clip/clip.py", line 13, in <module>
    from tqdm import tqdm
ModuleNotFoundError: No module named 'tqdm'

During handling of the above exception, another exception occurred:

Traceback (most recent call last):
  File "<stdin>", line 9, in <module>
  File "<frozen runpy>", line 287, in run_path
  File "<frozen runpy>", line 98, in _run_module_code
  File "<frozen runpy>", line 88, in _run_code
  File "<ORIGINAL_WORKSPACE>/outputs/CSE498/webcam-object-recognition/test_open_set.py", line 51, in <module>
    main()
  File "<ORIGINAL_WORKSPACE>/outputs/CSE498/webcam-object-recognition/test_open_set.py", line 24, in main
    model.set_classes(names, model.get_text_pe(names))
                             ^^^^^^^^^^^^^^^^^^^^^^^^
  File "<ORIGINAL_WORKSPACE>/work/cse498-yolo-env/lib/python3.12/site-packages/ultralytics/models/yolo/model.py", line 285, in get_text_pe
    return self.model.get_text_pe(texts)
           ^^^^^^^^^^^^^^^^^^^^^^^^^^^^^
  File "<ORIGINAL_WORKSPACE>/work/cse498-yolo-env/lib/python3.12/site-packages/torch/utils/_contextlib.py", line 124, in decorate_context
    return func(*args, **kwargs)
           ^^^^^^^^^^^^^^^^^^^^^
  File "<ORIGINAL_WORKSPACE>/work/cse498-yolo-env/lib/python3.12/site-packages/ultralytics/nn/tasks.py", line 1259, in get_text_pe
    from ultralytics.nn.text_model import build_text_model
  File "<ORIGINAL_WORKSPACE>/work/cse498-yolo-env/lib/python3.12/site-packages/ultralytics/nn/text_model.py", line 19, in <module>
    import clip
  File "<ORIGINAL_WORKSPACE>/work/cse498-yolo-env/lib/python3.12/site-packages/clip/__init__.py", line 3, in <module>
    from .clip import *
  File "<ORIGINAL_WORKSPACE>/work/cse498-yolo-env/lib/python3.12/site-packages/clip/clip.py", line 13, in <module>
    from tqdm import tqdm
ModuleNotFoundError: No module named 'tqdm'
