
0: 1312x1920 1 bottle, 1 chair, 2 tvs, 1 mouse, 1 keyboard, 1 cell phone, 407.8ms
Speed: 7.1ms preprocess, 407.8ms inference, 1.2ms postprocess per image at shape (1, 3, 1312, 1920)
tv: 0.92
keyboard: 0.88
mouse: 0.88
chair: 0.84
tv: 0.82
bottle: 0.74
cell phone: 0.65
1P9A1048.JPG: 7 detections

0: 1312x1920 15 bottles, 4 bowls, 1 banana, 1 microwave, 2 ovens, 1 sink, 380.4ms
Speed: 6.2ms preprocess, 380.4ms inference, 0.8ms postprocess per image at shape (1, 3, 1312, 1920)
bottle: 0.91
bottle: 0.89
bottle: 0.89
oven: 0.89
bottle: 0.86
bottle: 0.81
bowl: 0.79
microwave: 0.77
bottle: 0.77
bottle: 0.76
sink: 0.75
bottle: 0.74
bowl: 0.67
bowl: 0.67
bottle: 0.66
bottle: 0.65
bottle: 0.64
bottle: 0.59
banana: 0.54
oven: 0.38
bottle: 0.35
bottle: 0.34
bottle: 0.29
bowl: 0.26
1P9A1049.JPG: 24 detections
Results saved to <ORIGINAL_WORKSPACE>/outputs/CSE498/step2/improved_results
