Creating new Ultralytics Settings v0.0.8 file ✅ 
View Ultralytics Settings with 'yolo settings' or at '<ORIGINAL_WORKSPACE>/work/cse498-simple-config/Ultralytics/settings.json'
Update Settings with 'yolo settings key=value', i.e. 'yolo settings runs_dir=path/to/dir'. For help see https://docs.ultralytics.com/quickstart#ultralytics-settings.

0: 448x640 1 chair, 1 tv, 18.3ms
Speed: 1.2ms preprocess, 18.3ms inference, 0.5ms postprocess per image at shape (1, 3, 448, 640)
chair: 0.93
tv: 0.83
1P9A1048.JPG: 2 detections

0: 448x640 3 bottles, 2 bowls, 1 microwave, 1 oven, 1 refrigerator, 12.2ms
Speed: 1.1ms preprocess, 12.2ms inference, 0.4ms postprocess per image at shape (1, 3, 448, 640)
oven: 0.85
microwave: 0.79
bottle: 0.73
bottle: 0.68
bowl: 0.67
bowl: 0.64
refrigerator: 0.54
bottle: 0.51
1P9A1049.JPG: 8 detections
Results saved to <ORIGINAL_WORKSPACE>/outputs/CSE498/step2/simple_results
